../Core/Src/main.c:77:6:HAL_UART_RxCpltCallback	16	static
../Core/Src/main.c:85:6:HAL_UART_TxCpltCallback	16	static
../Core/Src/main.c:89:6:HAL_TIM_PeriodElapsedCallback	64	static
../Core/Src/main.c:110:6:process	16	static
../Core/Src/main.c:140:6:clear	8	static
../Core/Src/main.c:151:5:main	8	static
../Core/Src/main.c:219:6:SystemClock_Config	88	static
../Core/Src/main.c:265:13:MX_CAN1_Init	8	static
../Core/Src/main.c:302:13:MX_TIM6_Init	16	static
../Core/Src/main.c:340:13:MX_USART1_UART_Init	8	static
../Core/Src/main.c:373:13:MX_GPIO_Init	40	static
../Core/Src/main.c:406:6:Error_Handler	4	static,ignoring_inline_asm
